<?xml version="1.0" encoding="UTF-8"?>
<TestRun id="41320554-5e75-4582-9042-acef18294c25" name="wj.zhang@DST53863 2013-12-26 09:33:00" runUser="CN1\wj.zhang" xmlns="http://microsoft.com/schemas/VisualStudio/TeamTest/2010">
  <TestSettings name="Local" id="b90576d4-04a4-45f5-9144-5b655f7aa290">
    <Description>These are default test settings for a local test run.</Description>
    <Deployment enabled="false" runDeploymentRoot="wj.zhang_DST53863 2013-12-26 09_33_00">
      <DeploymentItem filename="D:\GitHub\G\GDefault\GDefault\bin\Debug\GDefault.dll" />
    </Deployment>
    <Execution>
      <TestTypeSpecific />
      <AgentRule name="Execution Agents">
      </AgentRule>
    </Execution>
  </TestSettings>
  <Times creation="2013-12-26T09:33:00.9028136+08:00" queuing="2013-12-26T09:33:01.8488136+08:00" start="2013-12-26T09:33:01.9608136+08:00" finish="2013-12-26T09:33:09.1548136+08:00" />
  <ResultSummary outcome="Completed">
    <Counters total="1" executed="1" passed="1" error="0" failed="0" timeout="0" aborted="0" inconclusive="0" passedButRunAborted="0" notRunnable="0" notExecuted="0" disconnected="0" warning="0" completed="0" inProgress="0" pending="0" />
  </ResultSummary>
  <TestDefinitions>
    <UnitTest name="TestUnless" storage="d:\github\g\gdefault\gdefaulttest\bin\debug\gdefaulttest.dll" id="d73c0ee2-2546-4e15-650c-1ed704fb937a">
      <Execution id="8739b3aa-c9b3-42f1-9393-2c2441a9922b" />
      <TestMethod codeBase="D:/GitHub/G/GDefault/GDefaultTest/bin/Debug/GDefaultTest.DLL" adapterTypeName="Microsoft.VisualStudio.TestTools.TestTypes.Unit.UnitTestAdapter, Microsoft.VisualStudio.QualityTools.Tips.UnitTest.Adapter, Version=10.0.0.0, Culture=neutral, PublicKeyToken=b03f5f7f11d50a3a" className="GDefaultTest.DefaultSetterTests, GDefaultTest, Version=1.0.0.0, Culture=neutral, PublicKeyToken=null" name="TestUnless" />
    </UnitTest>
  </TestDefinitions>
  <TestLists>
    <TestList name="Results Not in a List" id="8c84fa94-04c1-424b-9868-57a2d4851a1d" />
    <TestList name="All Loaded Results" id="19431567-8539-422a-85d7-44ee4e166bda" />
  </TestLists>
  <TestEntries>
    <TestEntry testId="d73c0ee2-2546-4e15-650c-1ed704fb937a" executionId="8739b3aa-c9b3-42f1-9393-2c2441a9922b" testListId="8c84fa94-04c1-424b-9868-57a2d4851a1d" />
  </TestEntries>
  <Results>
    <UnitTestResult executionId="8739b3aa-c9b3-42f1-9393-2c2441a9922b" testId="d73c0ee2-2546-4e15-650c-1ed704fb937a" testName="TestUnless" computerName="DST53863" duration="00:00:05.5926132" startTime="2013-12-26T09:33:02.0668136+08:00" endTime="2013-12-26T09:33:09.0928136+08:00" testType="13cdc9d9-ddb5-4fa4-a97d-d965ccfc6d4b" outcome="Passed" testListId="8c84fa94-04c1-424b-9868-57a2d4851a1d" relativeResultsDirectory="8739b3aa-c9b3-42f1-9393-2c2441a9922b">
    </UnitTestResult>
  </Results>
</TestRun>