<?xml version="1.0" encoding="UTF-8"?>
<TestRun id="74ec230f-80b6-4988-9c2a-29df0a819fea" name="wj.zhang@DST53863 2014-01-02 16:26:09" runUser="CN1\wj.zhang" xmlns="http://microsoft.com/schemas/VisualStudio/TeamTest/2010">
  <TestSettings name="Local" id="b90576d4-04a4-45f5-9144-5b655f7aa290">
    <Description>These are default test settings for a local test run.</Description>
    <Deployment enabled="false" runDeploymentRoot="wj.zhang_DST53863 2014-01-02 16_26_09">
      <DeploymentItem filename="D:\GitHub\G\GAssignation\GAssignation\bin\Debug\GAssignation.dll" />
    </Deployment>
    <Execution>
      <TestTypeSpecific />
      <AgentRule name="Execution Agents">
      </AgentRule>
    </Execution>
  </TestSettings>
  <Times creation="2014-01-02T16:26:09.2195027+08:00" queuing="2014-01-02T16:26:09.4295027+08:00" start="2014-01-02T16:26:09.4325027+08:00" finish="2014-01-02T16:26:09.6795027+08:00" />
  <ResultSummary outcome="Failed">
    <Counters total="1" executed="1" error="0" failed="1" timeout="0" aborted="0" inconclusive="0" passedButRunAborted="0" notRunnable="0" notExecuted="0" disconnected="0" warning="0" passed="0" completed="0" inProgress="0" pending="0" />
  </ResultSummary>
  <TestDefinitions>
    <UnitTest name="TestCollection" storage="d:\github\g\gassignation\gassignationtest\bin\debug\gassignationtest.dll" id="3d155380-f468-bd81-ea8d-9e8e9511027e">
      <Execution id="18a55dc2-45fc-4938-bb4a-b352407f4dbd" />
      <TestMethod codeBase="D:/GitHub/G/GAssignation/GAssignationTest/bin/Debug/GAssignationTest.DLL" adapterTypeName="Microsoft.VisualStudio.TestTools.TestTypes.Unit.UnitTestAdapter, Microsoft.VisualStudio.QualityTools.Tips.UnitTest.Adapter, Version=10.0.0.0, Culture=neutral, PublicKeyToken=b03f5f7f11d50a3a" className="GAssignationTest.ChildAssigner, GAssignationTest, Version=1.0.0.0, Culture=neutral, PublicKeyToken=null" name="TestCollection" />
    </UnitTest>
  </TestDefinitions>
  <TestLists>
    <TestList name="Results Not in a List" id="8c84fa94-04c1-424b-9868-57a2d4851a1d" />
    <TestList name="All Loaded Results" id="19431567-8539-422a-85d7-44ee4e166bda" />
  </TestLists>
  <TestEntries>
    <TestEntry testId="3d155380-f468-bd81-ea8d-9e8e9511027e" executionId="18a55dc2-45fc-4938-bb4a-b352407f4dbd" testListId="8c84fa94-04c1-424b-9868-57a2d4851a1d" />
  </TestEntries>
  <Results>
    <UnitTestResult executionId="18a55dc2-45fc-4938-bb4a-b352407f4dbd" testId="3d155380-f468-bd81-ea8d-9e8e9511027e" testName="TestCollection" computerName="DST53863" duration="00:00:00.1044288" startTime="2014-01-02T16:26:09.4365027+08:00" endTime="2014-01-02T16:26:09.6685027+08:00" testType="13cdc9d9-ddb5-4fa4-a97d-d965ccfc6d4b" outcome="Failed" testListId="8c84fa94-04c1-424b-9868-57a2d4851a1d" relativeResultsDirectory="18a55dc2-45fc-4938-bb4a-b352407f4dbd">
      <Output>
        <ErrorInfo>
          <Message>Test method GAssignationTest.ChildAssigner.TestCollection threw exception: 
System.ArgumentException: “System.Collections.Generic.IEnumerable`1[GAssignationTest.ChildModel]”类型的表达式不能用于类型“System.Collections.Generic.List`1[GAssignationTest.ChildModel]”的赋值</Message>
          <StackTrace>    在 System.Linq.Expressions.Expression.Assign(Expression left, Expression right)
   在 GAssignation.PropertyRule.Create[T,TProperty](Expression`1 expression, Func`1 cascadeModeThunk) 位置 D:\GitHub\G\GAssignation\GAssignation\PropertyRule.cs:行号 86
   在 GAssignation.AbstractAssigner`1.CollectionRuleFor[TCollectionElement](Expression`1 expression) 位置 D:\GitHub\G\GAssignation\GAssignation\AbstractAssigner.cs:行号 64
   在 GAssignationTest.ChildAssigner.TestChildTestModelAssigner..ctor() 位置 D:\GitHub\G\GAssignation\GAssignationTest\ChildAssigner.cs:行号 95
   在 GAssignationTest.ChildAssigner.TestCollection() 位置 D:\GitHub\G\GAssignation\GAssignationTest\ChildAssigner.cs:行号 81
</StackTrace>
        </ErrorInfo>
      </Output>
    </UnitTestResult>
  </Results>
</TestRun>