<?xml version="1.0" encoding="UTF-8"?>
<TestRun id="d78b144f-c920-4c04-bdb0-b12d9cdf8a3a" name="wj.zhang@DST53863 2013-12-26 15:37:17" runUser="CN1\wj.zhang" xmlns="http://microsoft.com/schemas/VisualStudio/TeamTest/2010">
  <TestSettings name="Local" id="b90576d4-04a4-45f5-9144-5b655f7aa290">
    <Description>These are default test settings for a local test run.</Description>
    <Deployment enabled="false" runDeploymentRoot="wj.zhang_DST53863 2013-12-26 15_37_17">
      <DeploymentItem filename="D:\GitHub\G\GAssignation\GAssignation\bin\Debug\GAssignation.dll" />
    </Deployment>
    <Execution>
      <TestTypeSpecific />
      <AgentRule name="Execution Agents">
      </AgentRule>
    </Execution>
  </TestSettings>
  <Times creation="2013-12-26T15:37:17.2695929+08:00" queuing="2013-12-26T15:37:20.1665929+08:00" start="2013-12-26T15:37:20.1705929+08:00" finish="2013-12-26T15:37:20.3935929+08:00" />
  <ResultSummary outcome="Completed">
    <Counters total="6" executed="6" passed="6" error="0" failed="0" timeout="0" aborted="0" inconclusive="0" passedButRunAborted="0" notRunnable="0" notExecuted="0" disconnected="0" warning="0" completed="0" inProgress="0" pending="0" />
  </ResultSummary>
  <TestDefinitions>
    <UnitTest name="TestPredicateCondition" storage="d:\github\g\gassignation\gassignationtest\bin\debug\gassignationtest.dll" id="a4220ac3-a95f-00ce-f5d0-36ddc6258731">
      <Execution id="16469bf4-e962-4eaf-9f08-b68ed2154c71" />
      <TestMethod codeBase="D:/GitHub/G/GAssignation/GAssignationTest/bin/Debug/GAssignationTest.DLL" adapterTypeName="Microsoft.VisualStudio.TestTools.TestTypes.Unit.UnitTestAdapter, Microsoft.VisualStudio.QualityTools.Tips.UnitTest.Adapter, Version=10.0.0.0, Culture=neutral, PublicKeyToken=b03f5f7f11d50a3a" className="GAssignationTest.PropertyRuleTests, GAssignationTest, Version=1.0.0.0, Culture=neutral, PublicKeyToken=null" name="TestPredicateCondition" />
    </UnitTest>
    <UnitTest name="TestUnless" storage="d:\github\g\gassignation\gassignationtest\bin\debug\gassignationtest.dll" id="187a94ad-b0d2-6faf-e9cd-04be2dc08f14">
      <Execution id="06a79bce-994e-428e-b5fe-7587a6ab725d" />
      <TestMethod codeBase="D:/GitHub/G/GAssignation/GAssignationTest/bin/Debug/GAssignationTest.DLL" adapterTypeName="Microsoft.VisualStudio.TestTools.TestTypes.Unit.UnitTestAdapter, Microsoft.VisualStudio.QualityTools.Tips.UnitTest.Adapter, Version=10.0.0.0, Culture=neutral, PublicKeyToken=b03f5f7f11d50a3a" className="GAssignationTest.DefaultSetterTests, GAssignationTest, Version=1.0.0.0, Culture=neutral, PublicKeyToken=null" name="TestUnless" />
    </UnitTest>
    <UnitTest name="TestMethod1" storage="d:\github\g\gassignation\gassignationtest\bin\debug\gassignationtest.dll" id="29618c98-5d72-a35d-c7b3-6b0a010b0f6b">
      <Execution id="8743cefa-0b4a-44e5-a259-12a7740b1348" />
      <TestMethod codeBase="D:/GitHub/G/GAssignation/GAssignationTest/bin/Debug/GAssignationTest.DLL" adapterTypeName="Microsoft.VisualStudio.TestTools.TestTypes.Unit.UnitTestAdapter, Microsoft.VisualStudio.QualityTools.Tips.UnitTest.Adapter, Version=10.0.0.0, Culture=neutral, PublicKeyToken=b03f5f7f11d50a3a" className="GAssignationTest.DefaultSetterTests, GAssignationTest, Version=1.0.0.0, Culture=neutral, PublicKeyToken=null" name="TestMethod1" />
    </UnitTest>
    <UnitTest name="TestWhen" storage="d:\github\g\gassignation\gassignationtest\bin\debug\gassignationtest.dll" id="34822a6d-1742-832d-83ff-bf1846d83b81">
      <Execution id="486fd221-f016-41d8-9417-8a9bc89502b2" />
      <TestMethod codeBase="D:/GitHub/G/GAssignation/GAssignationTest/bin/Debug/GAssignationTest.DLL" adapterTypeName="Microsoft.VisualStudio.TestTools.TestTypes.Unit.UnitTestAdapter, Microsoft.VisualStudio.QualityTools.Tips.UnitTest.Adapter, Version=10.0.0.0, Culture=neutral, PublicKeyToken=b03f5f7f11d50a3a" className="GAssignationTest.DefaultSetterTests, GAssignationTest, Version=1.0.0.0, Culture=neutral, PublicKeyToken=null" name="TestWhen" />
    </UnitTest>
    <UnitTest name="TestMethod1" storage="d:\github\g\gassignation\gassignationtest\bin\debug\gassignationtest.dll" id="149ce85f-69e4-b6b2-5ee7-e07b772d81ae">
      <Execution id="0806261e-4f35-4eb8-9595-03ef43b8298f" />
      <TestMethod codeBase="D:/GitHub/G/GAssignation/GAssignationTest/bin/Debug/GAssignationTest.DLL" adapterTypeName="Microsoft.VisualStudio.TestTools.TestTypes.Unit.UnitTestAdapter, Microsoft.VisualStudio.QualityTools.Tips.UnitTest.Adapter, Version=10.0.0.0, Culture=neutral, PublicKeyToken=b03f5f7f11d50a3a" className="GAssignationTest.PropertyRuleTests, GAssignationTest, Version=1.0.0.0, Culture=neutral, PublicKeyToken=null" name="TestMethod1" />
    </UnitTest>
    <UnitTest name="TestMethod1" storage="d:\github\g\gassignation\gassignationtest\bin\debug\gassignationtest.dll" id="c0b3bedf-a86e-b660-5e3d-61cc871a7302">
      <Execution id="35ec3fe5-b1d4-48a5-9dd3-6e5c35094150" />
      <TestMethod codeBase="D:/GitHub/G/GAssignation/GAssignationTest/bin/Debug/GAssignationTest.DLL" adapterTypeName="Microsoft.VisualStudio.TestTools.TestTypes.Unit.UnitTestAdapter, Microsoft.VisualStudio.QualityTools.Tips.UnitTest.Adapter, Version=10.0.0.0, Culture=neutral, PublicKeyToken=b03f5f7f11d50a3a" className="GAssignationTest.UnitTest1, GAssignationTest, Version=1.0.0.0, Culture=neutral, PublicKeyToken=null" name="TestMethod1" />
    </UnitTest>
  </TestDefinitions>
  <TestLists>
    <TestList name="Results Not in a List" id="8c84fa94-04c1-424b-9868-57a2d4851a1d" />
    <TestList name="All Loaded Results" id="19431567-8539-422a-85d7-44ee4e166bda" />
  </TestLists>
  <TestEntries>
    <TestEntry testId="149ce85f-69e4-b6b2-5ee7-e07b772d81ae" executionId="0806261e-4f35-4eb8-9595-03ef43b8298f" testListId="8c84fa94-04c1-424b-9868-57a2d4851a1d" />
    <TestEntry testId="187a94ad-b0d2-6faf-e9cd-04be2dc08f14" executionId="06a79bce-994e-428e-b5fe-7587a6ab725d" testListId="8c84fa94-04c1-424b-9868-57a2d4851a1d" />
    <TestEntry testId="29618c98-5d72-a35d-c7b3-6b0a010b0f6b" executionId="8743cefa-0b4a-44e5-a259-12a7740b1348" testListId="8c84fa94-04c1-424b-9868-57a2d4851a1d" />
    <TestEntry testId="34822a6d-1742-832d-83ff-bf1846d83b81" executionId="486fd221-f016-41d8-9417-8a9bc89502b2" testListId="8c84fa94-04c1-424b-9868-57a2d4851a1d" />
    <TestEntry testId="a4220ac3-a95f-00ce-f5d0-36ddc6258731" executionId="16469bf4-e962-4eaf-9f08-b68ed2154c71" testListId="8c84fa94-04c1-424b-9868-57a2d4851a1d" />
    <TestEntry testId="c0b3bedf-a86e-b660-5e3d-61cc871a7302" executionId="35ec3fe5-b1d4-48a5-9dd3-6e5c35094150" testListId="8c84fa94-04c1-424b-9868-57a2d4851a1d" />
  </TestEntries>
  <Results>
    <UnitTestResult executionId="0806261e-4f35-4eb8-9595-03ef43b8298f" testId="149ce85f-69e4-b6b2-5ee7-e07b772d81ae" testName="TestMethod1" computerName="DST53863" duration="00:00:00.0151965" startTime="2013-12-26T15:37:20.1755929+08:00" endTime="2013-12-26T15:37:20.3445929+08:00" testType="13cdc9d9-ddb5-4fa4-a97d-d965ccfc6d4b" outcome="Passed" testListId="8c84fa94-04c1-424b-9868-57a2d4851a1d" relativeResultsDirectory="0806261e-4f35-4eb8-9595-03ef43b8298f">
    </UnitTestResult>
    <UnitTestResult executionId="06a79bce-994e-428e-b5fe-7587a6ab725d" testId="187a94ad-b0d2-6faf-e9cd-04be2dc08f14" testName="TestUnless" computerName="DST53863" duration="00:00:00.0125320" startTime="2013-12-26T15:37:20.3475929+08:00" endTime="2013-12-26T15:37:20.3615929+08:00" testType="13cdc9d9-ddb5-4fa4-a97d-d965ccfc6d4b" outcome="Passed" testListId="8c84fa94-04c1-424b-9868-57a2d4851a1d" relativeResultsDirectory="06a79bce-994e-428e-b5fe-7587a6ab725d">
    </UnitTestResult>
    <UnitTestResult executionId="8743cefa-0b4a-44e5-a259-12a7740b1348" testId="29618c98-5d72-a35d-c7b3-6b0a010b0f6b" testName="TestMethod1" computerName="DST53863" duration="00:00:00.0007341" startTime="2013-12-26T15:37:20.3645929+08:00" endTime="2013-12-26T15:37:20.3665929+08:00" testType="13cdc9d9-ddb5-4fa4-a97d-d965ccfc6d4b" outcome="Passed" testListId="8c84fa94-04c1-424b-9868-57a2d4851a1d" relativeResultsDirectory="8743cefa-0b4a-44e5-a259-12a7740b1348">
    </UnitTestResult>
    <UnitTestResult executionId="486fd221-f016-41d8-9417-8a9bc89502b2" testId="34822a6d-1742-832d-83ff-bf1846d83b81" testName="TestWhen" computerName="DST53863" duration="00:00:00.0015352" startTime="2013-12-26T15:37:20.3695929+08:00" endTime="2013-12-26T15:37:20.3725929+08:00" testType="13cdc9d9-ddb5-4fa4-a97d-d965ccfc6d4b" outcome="Passed" testListId="8c84fa94-04c1-424b-9868-57a2d4851a1d" relativeResultsDirectory="486fd221-f016-41d8-9417-8a9bc89502b2">
    </UnitTestResult>
    <UnitTestResult executionId="16469bf4-e962-4eaf-9f08-b68ed2154c71" testId="a4220ac3-a95f-00ce-f5d0-36ddc6258731" testName="TestPredicateCondition" computerName="DST53863" duration="00:00:00.0007960" startTime="2013-12-26T15:37:20.3755929+08:00" endTime="2013-12-26T15:37:20.3785929+08:00" testType="13cdc9d9-ddb5-4fa4-a97d-d965ccfc6d4b" outcome="Passed" testListId="8c84fa94-04c1-424b-9868-57a2d4851a1d" relativeResultsDirectory="16469bf4-e962-4eaf-9f08-b68ed2154c71">
    </UnitTestResult>
    <UnitTestResult executionId="35ec3fe5-b1d4-48a5-9dd3-6e5c35094150" testId="c0b3bedf-a86e-b660-5e3d-61cc871a7302" testName="TestMethod1" computerName="DST53863" duration="00:00:00.0008168" startTime="2013-12-26T15:37:20.3805929+08:00" endTime="2013-12-26T15:37:20.3835929+08:00" testType="13cdc9d9-ddb5-4fa4-a97d-d965ccfc6d4b" outcome="Passed" testListId="8c84fa94-04c1-424b-9868-57a2d4851a1d" relativeResultsDirectory="35ec3fe5-b1d4-48a5-9dd3-6e5c35094150">
    </UnitTestResult>
  </Results>
</TestRun>