<?xml version="1.0" encoding="UTF-8"?>
<TestRun id="c49268c9-6594-48f1-858d-aa0eaa66e92e" name="wj.zhang@DST53863 2013-12-25 18:28:51" runUser="CN1\wj.zhang" xmlns="http://microsoft.com/schemas/VisualStudio/TeamTest/2010">
  <TestSettings name="Local" id="b90576d4-04a4-45f5-9144-5b655f7aa290">
    <Description>These are default test settings for a local test run.</Description>
    <Deployment enabled="false" runDeploymentRoot="wj.zhang_DST53863 2013-12-25 18_28_51">
      <DeploymentItem filename="D:\GitHub\G\GDefault\GDefault\bin\Debug\GDefault.dll" />
    </Deployment>
    <Execution>
      <TestTypeSpecific />
      <AgentRule name="Execution Agents">
      </AgentRule>
    </Execution>
  </TestSettings>
  <Times creation="2013-12-25T18:28:51.8418630+08:00" queuing="2013-12-25T18:28:52.8149603+08:00" start="2013-12-25T18:28:52.9209709+08:00" finish="2013-12-25T18:29:57.5334315+08:00" />
  <ResultSummary outcome="Error">
    <Counters total="1" executed="1" error="0" failed="0" timeout="0" aborted="1" inconclusive="0" passedButRunAborted="0" notRunnable="0" notExecuted="0" disconnected="0" warning="0" passed="0" completed="0" inProgress="0" pending="0" />
    <RunInfos>
      <RunInfo computerName="DST53863" outcome="Error" timestamp="2013-12-25T18:29:57.5324314+08:00">
        <Text>Test host process exited unexpectedly.</Text>
      </RunInfo>
    </RunInfos>
  </ResultSummary>
  <TestDefinitions>
    <UnitTest name="TestUnless" storage="d:\github\g\gdefault\gdefaulttest\bin\debug\gdefaulttest.dll" id="d73c0ee2-2546-4e15-650c-1ed704fb937a">
      <Execution id="2bbea60e-cf6b-4d26-bfee-ff033729e022" />
      <TestMethod codeBase="D:/GitHub/G/GDefault/GDefaultTest/bin/Debug/GDefaultTest.DLL" adapterTypeName="Microsoft.VisualStudio.TestTools.TestTypes.Unit.UnitTestAdapter, Microsoft.VisualStudio.QualityTools.Tips.UnitTest.Adapter, Version=10.0.0.0, Culture=neutral, PublicKeyToken=b03f5f7f11d50a3a" className="GDefaultTest.DefaultSetterTests, GDefaultTest, Version=1.0.0.0, Culture=neutral, PublicKeyToken=null" name="TestUnless" />
    </UnitTest>
  </TestDefinitions>
  <TestLists>
    <TestList name="Results Not in a List" id="8c84fa94-04c1-424b-9868-57a2d4851a1d" />
    <TestList name="All Loaded Results" id="19431567-8539-422a-85d7-44ee4e166bda" />
  </TestLists>
  <TestEntries>
    <TestEntry testId="d73c0ee2-2546-4e15-650c-1ed704fb937a" executionId="2bbea60e-cf6b-4d26-bfee-ff033729e022" testListId="8c84fa94-04c1-424b-9868-57a2d4851a1d" />
  </TestEntries>
  <Results>
    <UnitTestResult executionId="2bbea60e-cf6b-4d26-bfee-ff033729e022" testId="d73c0ee2-2546-4e15-650c-1ed704fb937a" testName="TestUnless" computerName="DST53863" duration="00:01:04.4794473" startTime="2013-12-25T18:28:53.0539842+08:00" endTime="2013-12-25T18:29:57.5334315+08:00" testType="13cdc9d9-ddb5-4fa4-a97d-d965ccfc6d4b" outcome="Aborted" testListId="8c84fa94-04c1-424b-9868-57a2d4851a1d" relativeResultsDirectory="2bbea60e-cf6b-4d26-bfee-ff033729e022">
    </UnitTestResult>
  </Results>
</TestRun>